client-version=2.0.0-url-test
